
> prompt@1.0.5 build
> next build

Γû▓ Next.js 16.1.6 (Turbopack)
- Environments: .env.local

  Creating an optimized production build ...
Γ£ô Compiled successfully in 7.6s
  Running TypeScript ...
node.exe : Failed to compile.
At line:1 char:1
+ & "C:\Program Files\nodejs/node.exe" 
"C:\Users\avani\AppData\Roaming\ ...
+ ~~~~~~~~~~~~~~~~~~~~~~~~~~~~~~~~~~~~~~~~~~~~~~~~~~
~~~~~~~~~~~~~~~~~~~
    + CategoryInfo          : NotSpecified: (Failed 
    to compile.:String) [], RemoteException
    + FullyQualifiedErrorId : NativeCommandError
 

./src/app/explore/components/PromptGrid.tsx:5:28
Type error: Cannot find module 
'@/components/prompt/PromptCard' or its 
corresponding type declarations.

[0m [90m 3 |[39m [36mimport[39m { motion } 
[36mfrom[39m [32m"framer-motion"[39m[33m;[39m
 [90m 4 |[39m [36mimport[39m { [33mSearch[39m 
} [36mfrom[39m [32m"lucide-react"[39m[33m;[39m
[31m[1m>[22m[39m[90m 5 |[39m [36mimport[39m 
{ [33mPromptCard[39m } [36mfrom[39m [32m"@/comp
onents/prompt/PromptCard"[39m[33m;[39m
 [90m   |[39m                            
[31m[1m^[22m[39m
 [90m 6 |[39m
 [90m 7 |[39m [36minterface[39m 
[33mPromptGridProps[39m {
 [90m 8 |[39m   prompts[33m:[39m 
any[][33m;[39m[0m
Next.js build worker exited with code: 1 and 
signal: null
